// Jest Snapshot v1, https://goo.gl/fbAQLP

exports[`HistoryContainer rendered correctly 1`] = `ReactWrapper {}`;
