// Jest Snapshot v1, https://goo.gl/fbAQLP

exports[`AppButton rendered correctly 1`] = `ShallowWrapper {}`;
