// Jest Snapshot v1, https://goo.gl/fbAQLP

exports[`AppInput AppInput [password] rendered correctly 1`] = `ShallowWrapper {}`;

exports[`AppInput AppInput [text] rendered correctly 1`] = `ShallowWrapper {}`;
