// Jest Snapshot v1, https://goo.gl/fbAQLP

exports[`AppListItem rendered correctly 1`] = `ShallowWrapper {}`;
